
> talento-humano-nextjs@1.0.0 build
> next build

   Ôû▓ Next.js 15.1.3
   - Environments: .env.local

   Creating an optimized production build ...
node.exe : Failed to 
compile.
En línea: 1 
Carácter: 1
+ & "C:\Program Files
\nodejs/node.exe" 
"C:\Program 
Files\nodejs/node_mo 
...
+ ~~~~~~~~~~~~~~~~~~~
~~~~~~~~~~~~~~~~~~~~~
~~~~~~~~~~~~~~~~~~~~~
~~~~~~~~
    + CategoryInfo   
           : NotSpe  
  cified: (Failed    
 to compile.:Stri    
ng) [], RemoteEx    
ception
    + FullyQualified 
   ErrorId : Native  
  CommandError
 

./src/app/buscador-hi
lu/page.tsx
Module not found: 
Can't resolve '@/comp
onents/ui/select'

https://nextjs.org/do
cs/messages/module-no
t-found

./src/app/buscador-hi
lu/page.tsx
Module not found: 
Can't resolve '@/comp
onents/ui/switch'

https://nextjs.org/do
cs/messages/module-no
t-found

./src/app/buscador-hi
lu/page.tsx
Module not found: 
Can't resolve '@/comp
onents/ui/label'

https://nextjs.org/do
cs/messages/module-no
t-found


> Build failed 
because of webpack 
errors
