src/app/buscador-hilu/page.tsx(4,30): error TS2307: Cannot find module '@/lib/supabase/client' or its corresponding type declarations.
src/app/buscador-hilu/page.tsx(5,24): error TS2307: Cannot find module '@/components/Navbar' or its corresponding type declarations.
src/app/buscador-hilu/page.tsx(6,23): error TS2307: Cannot find module '@/components/ui/input' or its corresponding type declarations.
src/app/buscador-hilu/page.tsx(7,24): error TS2307: Cannot find module '@/components/ui/button' or its corresponding type declarations.
src/app/buscador-hilu/page.tsx(8,75): error TS2307: Cannot find module '@/components/ui/card' or its corresponding type declarations.
src/app/buscador-hilu/page.tsx(10,79): error TS2307: Cannot find module '@/components/ui/select' or its corresponding type declarations.
src/app/buscador-hilu/page.tsx(11,24): error TS2307: Cannot find module '@/components/ui/switch' or its corresponding type declarations.
src/app/buscador-hilu/page.tsx(12,23): error TS2307: Cannot find module '@/components/ui/label' or its corresponding type declarations.
src/app/buscador-hilu/page.tsx(13,31): error TS2307: Cannot find module '@/lib/supabase/types' or its corresponding type declarations.
